---
source: crates/magpie_parse/src/lib.rs
assertion_line: 2803
expression: "canonical_fixture(\"../../tests/fixtures/arithmetic.mp\")"
---
module test.arithmetic
exports { @add, @checked_add }
imports { }
digest "0000000000000000"

fn @add(%a: i32, %b: i32) -> i32 {
  bb0:
    %sum: i32 = i.add { lhs=%a, rhs=%b }
    ret %sum
}

fn @checked_add(%a: i32, %b: i32) -> TOption<i32> {
  bb0:
    %result: TOption<i32> = i.add.checked { lhs=%a, rhs=%b }
    ret %result
}
